// Jest Snapshot v1, https://goo.gl/fbAQLP

exports[`<Pagination/> displays loading message 1`] = `
<div
  className="sc-bdVaJa ijYKGd"
  data-test="pagination"
>
  <SideEffect(Head)>
    <Head />
  </SideEffect(Head)>
  <Link
    href={
      Object {
        "pathname": "items",
        "query": Object {
          "page": 0,
        },
      }
    }
    prefetch={true}
  >
    <a
      aria-disabled={true}
      className="prev"
      href="items?page=0"
      onClick={[Function]}
    >
      ←Prev
    </a>
  </Link>
  <p>
    Page 
    <strong>
      1
       
    </strong>
     of 
    <strong
      className="totalPages"
    >
      1
    </strong>
  </p>
  <p>
    <strong>
      1
    </strong>
     Items Total
  </p>
  <Link
    href={
      Object {
        "pathname": "items",
        "query": Object {
          "page": 2,
        },
      }
    }
    prefetch={true}
  >
    <a
      aria-disabled={true}
      className="next"
      href="items?page=2"
      onClick={[Function]}
    >
      Next →
    </a>
  </Link>
</div>
`;
