// Jest Snapshot v1, https://goo.gl/fbAQLP

exports[`<Cart/> renders 1`] = `
<header>
  <styled.button
    onClick={[Function]}
    title="close"
  >
    <button
      className="sc-EHOje jytiuo"
      onClick={[Function]}
      title="close"
    >
      Ã—
    </button>
  </styled.button>
  <styled.h3>
    <h3
      className="sc-ifAKCX imryuh"
    >
      Miss Coleman Berge
      's Cart.
    </h3>
  </styled.h3>
  <p>
    You have 
    1
     item
     in your cart.
  </p>
</header>
`;
