// Jest Snapshot v1, https://goo.gl/fbAQLP

exports[`<Nav></Nav> Renders minimal nav when logged out 1`] = `
<ul
  className="sc-dnqmqq kxZizK"
  data-test="nav"
>
  <Link
    href="/items"
  >
    <a
      href="/items"
      onClick={[Function]}
    >
      Shop
    </a>
  </Link>
  <Link
    href="/sell"
  >
    <a
      href="/sell"
      onClick={[Function]}
    >
      Sell
    </a>
  </Link>
  <Link
    href="/signup"
  >
    <a
      href="/signup"
      onClick={[Function]}
    >
      Sign In
    </a>
  </Link>
</ul>
`;
