// Jest Snapshot v1, https://goo.gl/fbAQLP

exports[`<RemoveFromCart/> renders and matches snapshot 1`] = `
<button
  className="sc-bdVaJa fXnNqM"
  onClick={[Function]}
  title="Remove From Cart"
>
  Ã—
</button>
`;
